// Jest Snapshot v1, https://goo.gl/fbAQLP

exports[`loadUserBookings fetches bookings from the server 1`] = `
Array [
  Array [
    "gregor/bookings",
  ],
]
`;

exports[`loadUserBookings has correct data 1`] = `
Object {
  "payload": Object {
    "data": "gregor",
    "promise": Promise {},
  },
  "type": "LOAD_USER_BOOKINGS",
}
`;
